// Jest Snapshot v1, https://goo.gl/fbAQLP

exports[`NotReady component matches snapshot 1`] = `
<DocumentFragment>
  <h2>
    This page will be updated later
  </h2>
  <a
    class="back1"
    href="/"
  >
    <svg
      aria-hidden="true"
      class="svg-inline--fa fa-angle-left back-icon1"
      data-icon="angle-left"
      data-prefix="fas"
      focusable="false"
      role="img"
      viewBox="0 0 320 512"
      xmlns="http://www.w3.org/2000/svg"
    >
      <path
        d="M41.4 233.4c-12.5 12.5-12.5 32.8 0 45.3l160 160c12.5 12.5 32.8 12.5 45.3 0s12.5-32.8 0-45.3L109.3 256 246.6 118.6c12.5-12.5 12.5-32.8 0-45.3s-32.8-12.5-45.3 0l-160 160z"
        fill="currentColor"
      />
    </svg>
  </a>
</DocumentFragment>
`;
